============================= test session starts =============================
platform win32 -- Python 3.11.0, pytest-9.0.2, pluggy-1.6.0
rootdir: C:\Financial-ROI-Intelligence-System-main
plugins: anyio-4.12.1, langsmith-0.7.14, asyncio-1.3.0
asyncio: mode=Mode.STRICT, debug=False, asyncio_default_fixture_loop_scope=None, asyncio_default_test_loop_scope=function
collected 4 items

tests\unit\test_roi_calculator.py ....                                   [100%]

============================== 4 passed in 0.05s ==============================
